***** EXECUTE: "grammar.gql" *****
[0]:	{create: 'query_db', group: [{ruins: ['filename', 'datatime', 'feature_name'], index: ['category', 'feature_name', 'loc']}, 'addr']};
CREATE SUCCESS
[1]:	{upset: 'ruins', vertex: [['v1', {filename: '破旧小屋.jpg', datatime: 0d1653446732, feature_name: [0, 0]}], ['v2', {category: 'HDR', filename: '夕阳.jpg', datatime: 0d1653446732}], ['v3', {category: '赛博朋克', filename: '阿丽塔.jpg', datatime: 0d1653446732}]]};
UPSET SUCCESS
[2]:	{upset: 'ruins', vertex: [['v4', {filename: '垃圾堆.jpg', datatime: 0d1653315732, feature_name: [0, 0.5]}], ['v5', {category: 'HDR', filename: '海岸线.jpg', datatime: 0d1653315732}], ['v6', {category: '赛博朋克', filename: '机械姬.jpg', datatime: 0d1653315732}]]};
UPSET SUCCESS
[3]:	{upset: 'ruins', vertex: [['v7', {filename: '危楼.jpg', datatime: 0d1653105732, feature_name: [0, 1]}], ['v8', {category: 'HDR', filename: '山崖.jpg', datatime: 0d1653105732, feature_name: [0.5, 0]}], ['v9', {category: '赛博朋克', filename: '2022.jpg', datatime: 0d1653105732}]]};
UPSET SUCCESS
[4]:	{upset: 'ruins', vertex: [['v7', {filename: '破墙.jpg', datatime: 0d1651105732, feature_name: [0, 1.5]}], ['v8', {category: 'HDR', filename: '蓝天.jpg', datatime: 0d1651105732, feature_name: [0.5, 0]}], ['v9', {category: '赛博朋克', filename: '大佐.jpg', datatime: 0d1651105732}]]};
UPSET SUCCESS
[5]:	{upset: 'ruins', vertex: [['1', {filename: '破墙0.jpg', datatime: 0d5}]]};
UPSET SUCCESS
[6]:	{upset: 'ruins', vertex: ['3', '4', '5']};
UPSET SUCCESS
[7]:	{upset: 'ruins', vertex: [[1, {filename: '破墙0.jpg', datatime: 0d1651105732}]]};
[38;2;255;000;000mERROR: upset fail!
Input key type is integer, but require string
[0munknow error
[8]:	{upset: 'addr', vertex: [[1, {filename: '破墙1.jpg', datatime: 0d1651105732}]]};
UPSET SUCCESS
[9]:	{upset: 'addr', vertex: [[2, {filename: '破墙2.jpg', loc: [131.24194, 37.12532]}]]};
UPSET SUCCESS
[10]:	{upset: 'addr', vertex: [3, 4, 5]};
UPSET SUCCESS
[11]:	ast {query: 'ruins', in: 'vertex_db', where: {category: '废墟'}};
AST:
  `- type: GQLExpression
    |- type: QueryStatement
    |- query:
    |- graph:
      |- type: Literal
      |- raw: vertex_db
      |- kind: String
      `- type: ArrayExpression
        |- type: ArrayExpression
        |- #1
          |- type: Property
          |- key: category
          |- value:
            |- type: Literal
            |- raw: 废墟
            |- kind: String
EXECUTE COMMAND SUCCESS
[12]:	{query: 'ruins'};
[1, {"datatime":"0d5","filename":"破墙0.jpg"}]
[3, null]
[4, null]
[5, null]
[v1, {"datatime":"0d1653446732","feature_name":[0.0,0.0],"filename":"破旧小屋.jpg"}]
[v2, {"category":"HDR","datatime":"0d1653446732","filename":"夕阳.jpg"}]
[v3, {"category":"赛博朋克","datatime":"0d1653446732","filename":"阿丽塔.jpg"}]
[v4, {"datatime":"0d1653315732","feature_name":[0.0,0.5],"filename":"垃圾堆.jpg"}]
[v5, {"category":"HDR","datatime":"0d1653315732","filename":"海岸线.jpg"}]
[v6, {"category":"赛博朋克","datatime":"0d1653315732","filename":"机械姬.jpg"}]
[v7, {"datatime":"0d1651105732","feature_name":[0.0,1.5],"filename":"破墙.jpg"}]
[v8, {"category":"HDR","datatime":"0d1651105732","feature_name":[0.5,0.0],"filename":"蓝天.jpg"}]
[v9, {"category":"赛博朋克","datatime":"0d1651105732","filename":"大佐.jpg"}]
QUERY SUCCESS
[13]:	{query: 'ruins', in: 'vertex_db', where: {category: '废墟'}};
graph is not exist
[14]:	{query: 'ruins', in: 'query_db', where: {category: '赛博朋克'}};
[v3, {"category":"赛博朋克","datatime":"0d1653446732","filename":"阿丽塔.jpg"}]
[v6, {"category":"赛博朋克","datatime":"0d1653315732","filename":"机械姬.jpg"}]
[v9, {"category":"赛博朋克","datatime":"0d1651105732","filename":"大佐.jpg"}]
QUERY SUCCESS
[15]:	ast {query: 'ruins', in: 'vertex_db', where: {datatime: {$lt: 1653315732}}};
AST:
  `- type: GQLExpression
    |- type: QueryStatement
    |- query:
    |- graph:
      |- type: Literal
      |- raw: vertex_db
      |- kind: String
      `- type: ArrayExpression
        |- type: ArrayExpression
        |- #1
          |- type: Property
          |- key: datatime
          |- value:
            `- type: ArrayExpression
              |- type: ArrayExpression
              |- #1
                |- type: Property
                |- key: lt
                |- value:
                  |- type: Literal
                  |- raw: 1653315732
                  |- kind: Unknow Property Kind: 1
EXECUTE COMMAND SUCCESS
[16]:	{query: 'ruins', in: 'query_db', where: {datatime: {$lt: 0d1653315732}}};
[1, {"datatime":"0d5","filename":"破墙0.jpg"}]
[v7, {"datatime":"0d1651105732","feature_name":[0.0,1.5],"filename":"破墙.jpg"}]
[v8, {"category":"HDR","datatime":"0d1651105732","feature_name":[0.5,0.0],"filename":"蓝天.jpg"}]
[v9, {"category":"赛博朋克","datatime":"0d1651105732","filename":"大佐.jpg"}]
QUERY SUCCESS
[17]:	{query: 'ruins', in: 'query_db', where: {datatime: {$gt: 0d1653315732}}};
[v1, {"datatime":"0d1653446732","feature_name":[0.0,0.0],"filename":"破旧小屋.jpg"}]
[v2, {"category":"HDR","datatime":"0d1653446732","filename":"夕阳.jpg"}]
[v3, {"category":"赛博朋克","datatime":"0d1653446732","filename":"阿丽塔.jpg"}]
QUERY SUCCESS
[18]:	{query: 'ruins', in: 'query_db', where: {datatime: {$gte: 0d1653315732}}};
[v1, {"datatime":"0d1653446732","feature_name":[0.0,0.0],"filename":"破旧小屋.jpg"}]
[v2, {"category":"HDR","datatime":"0d1653446732","filename":"夕阳.jpg"}]
[v3, {"category":"赛博朋克","datatime":"0d1653446732","filename":"阿丽塔.jpg"}]
[v4, {"datatime":"0d1653315732","feature_name":[0.0,0.5],"filename":"垃圾堆.jpg"}]
[v5, {"category":"HDR","datatime":"0d1653315732","filename":"海岸线.jpg"}]
[v6, {"category":"赛博朋克","datatime":"0d1653315732","filename":"机械姬.jpg"}]
QUERY SUCCESS
[19]:	{query: 'ruins', in: 'query_db', where: {datatime: {$lte: 0d1653446731}}};
[1, {"datatime":"0d5","filename":"破墙0.jpg"}]
[v4, {"datatime":"0d1653315732","feature_name":[0.0,0.5],"filename":"垃圾堆.jpg"}]
[v5, {"category":"HDR","datatime":"0d1653315732","filename":"海岸线.jpg"}]
[v6, {"category":"赛博朋克","datatime":"0d1653315732","filename":"机械姬.jpg"}]
[v7, {"datatime":"0d1651105732","feature_name":[0.0,1.5],"filename":"破墙.jpg"}]
[v8, {"category":"HDR","datatime":"0d1651105732","feature_name":[0.5,0.0],"filename":"蓝天.jpg"}]
[v9, {"category":"赛博朋克","datatime":"0d1651105732","filename":"大佐.jpg"}]
QUERY SUCCESS
[20]:	{remove: 'ruins', vertex: ['3']};
REMOVE SUCCESS
[21]:	{dump: 'query_db'};
{create: 'query_db', group: [{addr: []},{ruins: [], index: ['category','feature_name','loc']}]};
{upset: 'addr', vertex: [1, {'datatime':0d1651105732,'filename':'破墙1.jpg'}]};
{upset: 'addr', vertex: [2, {'filename':'破墙2.jpg','loc':[131.24194,37.12532]}]};
{upset: 'addr', vertex: [3]};
{upset: 'addr', vertex: [4]};
{upset: 'addr', vertex: [5]};
{upset: 'ruins', vertex: ['1', {'datatime':0d5,'filename':'破墙0.jpg'}]};
{upset: 'ruins', vertex: ['4']};
{upset: 'ruins', vertex: ['5']};
{upset: 'ruins', vertex: ['v1', {'datatime':0d1653446732,'feature_name':[0.0,0.0],'filename':'破旧小屋.jpg'}]};
{upset: 'ruins', vertex: ['v2', {'category':'HDR','datatime':0d1653446732,'filename':'夕阳.jpg'}]};
{upset: 'ruins', vertex: ['v3', {'category':'赛博朋克','datatime':0d1653446732,'filename':'阿丽塔.jpg'}]};
{upset: 'ruins', vertex: ['v4', {'datatime':0d1653315732,'feature_name':[0.0,0.5],'filename':'垃圾堆.jpg'}]};
{upset: 'ruins', vertex: ['v5', {'category':'HDR','datatime':0d1653315732,'filename':'海岸线.jpg'}]};
{upset: 'ruins', vertex: ['v6', {'category':'赛博朋克','datatime':0d1653315732,'filename':'机械姬.jpg'}]};
{upset: 'ruins', vertex: ['v7', {'datatime':0d1651105732,'feature_name':[0.0,1.5],'filename':'破墙.jpg'}]};
{upset: 'ruins', vertex: ['v8', {'category':'HDR','datatime':0d1651105732,'feature_name':[0.5,0.0],'filename':'蓝天.jpg'}]};
{upset: 'ruins', vertex: ['v9', {'category':'赛博朋克','datatime':0d1651105732,'filename':'大佐.jpg'}]};
EXECUTE COMMAND SUCCESS
[22]:	{drop: 'query_db'};
DROP SUCCESS
***** EXECUTE FINISH: "grammar.gql" *****
